smash> submitted by Eran
smash> smash> smash> smash> smash> smash> sleep 200& 1932
